../Middlewares/ST/STM32_USB_Host_Library/Class/MTP/Src/usbh_mtp.c:138:27:USBH_MTP_InterfaceInit	48	static
../Middlewares/ST/STM32_USB_Host_Library/Class/MTP/Src/usbh_mtp.c:242:16:MTP_FindCtlEndpoint	24	static
../Middlewares/ST/STM32_USB_Host_Library/Class/MTP/Src/usbh_mtp.c:271:16:MTP_FindDataOutEndpoint	24	static
../Middlewares/ST/STM32_USB_Host_Library/Class/MTP/Src/usbh_mtp.c:300:16:MTP_FindDataInEndpoint	24	static
../Middlewares/ST/STM32_USB_Host_Library/Class/MTP/Src/usbh_mtp.c:331:27:USBH_MTP_InterfaceDeInit	24	static
../Middlewares/ST/STM32_USB_Host_Library/Class/MTP/Src/usbh_mtp.c:372:27:USBH_MTP_ClassRequest	16	static
../Middlewares/ST/STM32_USB_Host_Library/Class/MTP/Src/usbh_mtp.c:396:27:USBH_MTP_Process	32	static
../Middlewares/ST/STM32_USB_Host_Library/Class/MTP/Src/usbh_mtp.c:540:27:USBH_MTP_SOFProcess	16	static
../Middlewares/ST/STM32_USB_Host_Library/Class/MTP/Src/usbh_mtp.c:554:9:USBH_MTP_IsReady	24	static
../Middlewares/ST/STM32_USB_Host_Library/Class/MTP/Src/usbh_mtp.c:567:20:USBH_MTP_GetNumStorage	24	static
../Middlewares/ST/STM32_USB_Host_Library/Class/MTP/Src/usbh_mtp.c:587:20:USBH_MTP_SelectStorage	24	static
../Middlewares/ST/STM32_USB_Host_Library/Class/MTP/Src/usbh_mtp.c:607:20:USBH_MTP_GetStorageInfo	32	static
../Middlewares/ST/STM32_USB_Host_Library/Class/MTP/Src/usbh_mtp.c:626:20:USBH_MTP_GetNumObjects	48	static
../Middlewares/ST/STM32_USB_Host_Library/Class/MTP/Src/usbh_mtp.c:659:20:USBH_MTP_GetObjectHandles	48	static
../Middlewares/ST/STM32_USB_Host_Library/Class/MTP/Src/usbh_mtp.c:693:20:USBH_MTP_GetObjectInfo	40	static
../Middlewares/ST/STM32_USB_Host_Library/Class/MTP/Src/usbh_mtp.c:721:20:USBH_MTP_DeleteObject	40	static
../Middlewares/ST/STM32_USB_Host_Library/Class/MTP/Src/usbh_mtp.c:750:20:USBH_MTP_GetObject	40	static
../Middlewares/ST/STM32_USB_Host_Library/Class/MTP/Src/usbh_mtp.c:778:20:USBH_MTP_GetPartialObject	48	static
../Middlewares/ST/STM32_USB_Host_Library/Class/MTP/Src/usbh_mtp.c:811:20:USBH_MTP_GetObjectPropsSupported	40	static
../Middlewares/ST/STM32_USB_Host_Library/Class/MTP/Src/usbh_mtp.c:841:20:USBH_MTP_GetObjectPropDesc	40	static
../Middlewares/ST/STM32_USB_Host_Library/Class/MTP/Src/usbh_mtp.c:870:20:USBH_MTP_GetObjectPropList	40	static
../Middlewares/ST/STM32_USB_Host_Library/Class/MTP/Src/usbh_mtp.c:900:20:USBH_MTP_SendObject	40	static
../Middlewares/ST/STM32_USB_Host_Library/Class/MTP/Src/usbh_mtp.c:927:27:USBH_MTP_Events	24	static
../Middlewares/ST/STM32_USB_Host_Library/Class/MTP/Src/usbh_mtp.c:978:13:MTP_DecodeEvent	32	static
../Middlewares/ST/STM32_USB_Host_Library/Class/MTP/Src/usbh_mtp.c:1066:20:USBH_MTP_GetDevicePropDesc	40	static
../Middlewares/ST/STM32_USB_Host_Library/Class/MTP/Src/usbh_mtp.c:1092:13:USBH_MTP_EventsCallback	24	static
